-- Test creating the extension
CREATE EXTENSION pgcolor;
